[sp0m.com/en.html]
[backblue.gif]
[fade.gif]
[index.html]
[sp0m.com/css/app.6a88f6d4.css]
[sp0m.com/css/chunk-vendors.6bb815e2.css]
[sp0m.com/js/app.deb04eea.js]
[sp0m.com/en.html]
[cdn.jsdelivr.net/npm/@mdi/font@latest/css/materialdesignicons.min.css]
[sp0m.com/favicon.ico]
[cdn.jsdelivr.net/npm/@mdi/font@latest/css/materialdesignicons.min.css]
[i.imgur.com/xcIB3MT.gif]
[sp0m.com/css/app.6a88f6d4.css]
[sp0m.com/fonts/fa-brands-400.ed311c7a.woff2]
[sp0m.com/js/chunk-vendors.818990ae.js]
[sp0m.com/fonts/fa-brands-400.592643a8.eot]
[sp0m.com/fonts/fa-brands-400.513aa607.ttf]
[sp0m.com/img/fa-brands-400.1d5619cd.svg]
[sp0m.com/fonts/fa-brands-400.592643a8d41d.eot]
[sp0m.com/fonts/fa-regular-400.b0e2db3b.eot]
[sp0m.com/fonts/fa-regular-400.b91d376b.woff2]
[sp0m.com/fonts/fa-brands-400.1a575a41.woff]
[sp0m.com/fonts/fa-regular-400.766913e6.ttf]
[sp0m.com/fonts/fa-regular-400.b0e2db3bd41d.eot]
[sp0m.com/fonts/fa-regular-400.d1d7e3b4.woff]
[sp0m.com/img/fa-regular-400.c5d109be.svg]
[sp0m.com/fonts/fa-solid-900.d824df7e.woff2]
[sp0m.com/fonts/fa-solid-900.b9625119.ttf]
[sp0m.com/fonts/fa-solid-900.0c6bfc66.eot]
[sp0m.com/fonts/fa-solid-900.0c6bfc66d41d.eot]
[sp0m.com/css/chunk-vendors.6bb815e2.css]
[sp0m.com/img/fa-brands-400.1d5619cd.svg]
[sp0m.com/img/fa-regular-400.c5d109be.svg]
[sp0m.com/img/fa-solid-900.37bc7099.svg]
[sp0m.com/fonts/fa-solid-900.d745348d.woff]
[sp0m.com/img/fa-solid-900.37bc7099.svg]
